
[TestCOGResolveImports - 1]
  - type: stdlib
    internal:
      source:
        workspace: /Users/shawnsaffarshargh/Workspace/captn/tests
        path: /Users/shawnsaffarshargh/Workspace/captn/tests/fixtures/golang/multidep/cmd/main.go
      start:
        source:
          workspace: /Users/shawnsaffarshargh/Workspace/captn/tests
          path: /Users/shawnsaffarshargh/Workspace/captn/tests/fixtures/golang/multidep/cmd/main.go
        line: 3
        column: 1
        byteposition: 24
      end:
        source:
          workspace: /Users/shawnsaffarshargh/Workspace/captn/tests
          path: /Users/shawnsaffarshargh/Workspace/captn/tests/fixtures/golang/multidep/cmd/main.go
        line: 3
        column: 6
        byteposition: 29
    external:
      source:
        workspace: /Users/shawnsaffarshargh/Workspace/captn/tests
        path: ../../../../../opt/homebrew/Cellar/go/1.26.5/libexec/src/fmt/doc.go
      start:
        source:
          workspace: /Users/shawnsaffarshargh/Workspace/captn/tests
          path: ../../../../../opt/homebrew/Cellar/go/1.26.5/libexec/src/fmt/doc.go
        line: 398
        column: 0
        byteposition: 15815
      end:
        source:
          workspace: /Users/shawnsaffarshargh/Workspace/captn/tests
          path: ../../../../../opt/homebrew/Cellar/go/1.26.5/libexec/src/fmt/doc.go
        line: 398
        column: 11
        byteposition: 15826
  - type: stdlib
    internal:
      source:
        workspace: /Users/shawnsaffarshargh/Workspace/captn/tests
        path: /Users/shawnsaffarshargh/Workspace/captn/tests/fixtures/golang/multidep/cmd/main.go
      start:
        source:
          workspace: /Users/shawnsaffarshargh/Workspace/captn/tests
          path: /Users/shawnsaffarshargh/Workspace/captn/tests/fixtures/golang/multidep/cmd/main.go
        line: 3
        column: 1
        byteposition: 24
      end:
        source:
          workspace: /Users/shawnsaffarshargh/Workspace/captn/tests
          path: /Users/shawnsaffarshargh/Workspace/captn/tests/fixtures/golang/multidep/cmd/main.go
        line: 3
        column: 6
        byteposition: 29
    external:
      source:
        workspace: /Users/shawnsaffarshargh/Workspace/captn/tests
        path: ../../../../../opt/homebrew/Cellar/go/1.26.5/libexec/src/fmt/errors.go
      start:
        source:
          workspace: /Users/shawnsaffarshargh/Workspace/captn/tests
          path: ../../../../../opt/homebrew/Cellar/go/1.26.5/libexec/src/fmt/errors.go
        line: 4
        column: 0
        byteposition: 160
      end:
        source:
          workspace: /Users/shawnsaffarshargh/Workspace/captn/tests
          path: ../../../../../opt/homebrew/Cellar/go/1.26.5/libexec/src/fmt/errors.go
        line: 10
        column: 1
        byteposition: 227
  - type: stdlib
    internal:
      source:
        workspace: /Users/shawnsaffarshargh/Workspace/captn/tests
        path: /Users/shawnsaffarshargh/Workspace/captn/tests/fixtures/golang/multidep/cmd/main.go
      start:
        source:
          workspace: /Users/shawnsaffarshargh/Workspace/captn/tests
          path: /Users/shawnsaffarshargh/Workspace/captn/tests/fixtures/golang/multidep/cmd/main.go
        line: 3
        column: 1
        byteposition: 24
      end:
        source:
          workspace: /Users/shawnsaffarshargh/Workspace/captn/tests
          path: /Users/shawnsaffarshargh/Workspace/captn/tests/fixtures/golang/multidep/cmd/main.go
        line: 3
        column: 6
        byteposition: 29
    external:
      source:
        workspace: /Users/shawnsaffarshargh/Workspace/captn/tests
        path: ../../../../../opt/homebrew/Cellar/go/1.26.5/libexec/src/fmt/format.go
      start:
        source:
          workspace: /Users/shawnsaffarshargh/Workspace/captn/tests
          path: ../../../../../opt/homebrew/Cellar/go/1.26.5/libexec/src/fmt/format.go
        line: 4
        column: 0
        byteposition: 160
      end:
        source:
          workspace: /Users/shawnsaffarshargh/Workspace/captn/tests
          path: ../../../../../opt/homebrew/Cellar/go/1.26.5/libexec/src/fmt/format.go
        line: 9
        column: 1
        byteposition: 210
  - type: stdlib
    internal:
      source:
        workspace: /Users/shawnsaffarshargh/Workspace/captn/tests
        path: /Users/shawnsaffarshargh/Workspace/captn/tests/fixtures/golang/multidep/cmd/main.go
      start:
        source:
          workspace: /Users/shawnsaffarshargh/Workspace/captn/tests
          path: /Users/shawnsaffarshargh/Workspace/captn/tests/fixtures/golang/multidep/cmd/main.go
        line: 3
        column: 1
        byteposition: 24
      end:
        source:
          workspace: /Users/shawnsaffarshargh/Workspace/captn/tests
          path: /Users/shawnsaffarshargh/Workspace/captn/tests/fixtures/golang/multidep/cmd/main.go
        line: 3
        column: 6
        byteposition: 29
    external:
      source:
        workspace: /Users/shawnsaffarshargh/Workspace/captn/tests
        path: ../../../../../opt/homebrew/Cellar/go/1.26.5/libexec/src/fmt/print.go
      start:
        source:
          workspace: /Users/shawnsaffarshargh/Workspace/captn/tests
          path: ../../../../../opt/homebrew/Cellar/go/1.26.5/libexec/src/fmt/print.go
        line: 4
        column: 0
        byteposition: 160
      end:
        source:
          workspace: /Users/shawnsaffarshargh/Workspace/captn/tests
          path: ../../../../../opt/homebrew/Cellar/go/1.26.5/libexec/src/fmt/print.go
        line: 14
        column: 1
        byteposition: 261
  - type: stdlib
    internal:
      source:
        workspace: /Users/shawnsaffarshargh/Workspace/captn/tests
        path: /Users/shawnsaffarshargh/Workspace/captn/tests/fixtures/golang/multidep/cmd/main.go
      start:
        source:
          workspace: /Users/shawnsaffarshargh/Workspace/captn/tests
          path: /Users/shawnsaffarshargh/Workspace/captn/tests/fixtures/golang/multidep/cmd/main.go
        line: 3
        column: 1
        byteposition: 24
      end:
        source:
          workspace: /Users/shawnsaffarshargh/Workspace/captn/tests
          path: /Users/shawnsaffarshargh/Workspace/captn/tests/fixtures/golang/multidep/cmd/main.go
        line: 3
        column: 6
        byteposition: 29
    external:
      source:
        workspace: /Users/shawnsaffarshargh/Workspace/captn/tests
        path: ../../../../../opt/homebrew/Cellar/go/1.26.5/libexec/src/fmt/scan.go
      start:
        source:
          workspace: /Users/shawnsaffarshargh/Workspace/captn/tests
          path: ../../../../../opt/homebrew/Cellar/go/1.26.5/libexec/src/fmt/scan.go
        line: 4
        column: 0
        byteposition: 160
      end:
        source:
          workspace: /Users/shawnsaffarshargh/Workspace/captn/tests
          path: ../../../../../opt/homebrew/Cellar/go/1.26.5/libexec/src/fmt/scan.go
        line: 15
        column: 1
        byteposition: 259
  - type: local
    internal:
      source:
        workspace: /Users/shawnsaffarshargh/Workspace/captn/tests
        path: /Users/shawnsaffarshargh/Workspace/captn/tests/fixtures/golang/multidep/cmd/main.go
      start:
        source:
          workspace: /Users/shawnsaffarshargh/Workspace/captn/tests
          path: /Users/shawnsaffarshargh/Workspace/captn/tests/fixtures/golang/multidep/cmd/main.go
        line: 5
        column: 1
        byteposition: 32
      end:
        source:
          workspace: /Users/shawnsaffarshargh/Workspace/captn/tests
          path: /Users/shawnsaffarshargh/Workspace/captn/tests/fixtures/golang/multidep/cmd/main.go
        line: 5
        column: 82
        byteposition: 113
    external:
      source:
        workspace: /Users/shawnsaffarshargh/Workspace/captn/tests
        path: fixtures/golang/multidep/cmd/main.go
      start:
        source:
          workspace: /Users/shawnsaffarshargh/Workspace/captn/tests
          path: fixtures/golang/multidep/cmd/main.go
        line: 5
        column: 1
        byteposition: 32
      end:
        source:
          workspace: /Users/shawnsaffarshargh/Workspace/captn/tests
          path: fixtures/golang/multidep/cmd/main.go
        line: 5
        column: 69
        byteposition: 100

---
